// Jest Snapshot v1, https://goo.gl/fbAQLP

exports[`renders TextInput 1`] = `
<input
  className="input"
  onChange={[Function]}
  type="text"
  value=""
/>
`;
